============================= test session starts =============================
platform win32 -- Python 3.13.7, pytest-9.0.1, pluggy-1.6.0 -- D:\source\prompts\.venv\Scripts\python.exe
cachedir: .pytest_cache
rootdir: D:\source\prompts
configfile: pytest.ini
plugins: cov-7.0.0
collecting ... collected 153 items / 7 errors

=================================== ERRORS ====================================
___________ ERROR collecting testing/framework/core/test_runner.py ____________
.venv\Lib\site-packages\_pytest\python.py:508: in importtestmodule
    mod = import_path(
.venv\Lib\site-packages\_pytest\pathlib.py:586: in import_path
    importlib.import_module(module_name)
C:\Python313\Lib\importlib\__init__.py:88: in import_module
    return _bootstrap._gcd_import(name[level:], package, level)
           ^^^^^^^^^^^^^^^^^^^^^^^^^^^^^^^^^^^^^^^^^^^^^^^^^^^^
<frozen importlib._bootstrap>:1387: in _gcd_import
    ???
<frozen importlib._bootstrap>:1360: in _find_and_load
    ???
<frozen importlib._bootstrap>:1310: in _find_and_load_unlocked
    ???
<frozen importlib._bootstrap>:488: in _call_with_frames_removed
    ???
<frozen importlib._bootstrap>:1387: in _gcd_import
    ???
<frozen importlib._bootstrap>:1360: in _find_and_load
    ???
<frozen importlib._bootstrap>:1331: in _find_and_load_unlocked
    ???
<frozen importlib._bootstrap>:935: in _load_unlocked
    ???
<frozen importlib._bootstrap_external>:1026: in exec_module
    ???
<frozen importlib._bootstrap>:488: in _call_with_frames_removed
    ???
testing\framework\core\__init__.py:5: in <module>
    from .test_runner import (
<frozen importlib._bootstrap>:1360: in _find_and_load
    ???
<frozen importlib._bootstrap>:1331: in _find_and_load_unlocked
    ???
<frozen importlib._bootstrap>:935: in _load_unlocked
    ???
.venv\Lib\site-packages\_pytest\assertion\rewrite.py:188: in exec_module
    source_stat, co = _rewrite_test(fn, self.config)
                      ^^^^^^^^^^^^^^^^^^^^^^^^^^^^^^
.venv\Lib\site-packages\_pytest\assertion\rewrite.py:357: in _rewrite_test
    tree = ast.parse(source, filename=strfn)
           ^^^^^^^^^^^^^^^^^^^^^^^^^^^^^^^^^
C:\Python313\Lib\ast.py:50: in parse
    return compile(source, filename, mode, flags,
E     File "D:\source\prompts\testing\framework\core\test_runner.py", line 622
E       "prompt_tokens": len(formatted_prompt) // 4,
E   IndentationError: unexpected indent
______ ERROR collecting testing/integration/test_evaluation_agent_e2e.py ______
ImportError while importing test module 'D:\source\prompts\testing\integration\test_evaluation_agent_e2e.py'.
Hint: make sure your test modules/packages have valid Python names.
Traceback:
C:\Python313\Lib\importlib\__init__.py:88: in import_module
    return _bootstrap._gcd_import(name[level:], package, level)
           ^^^^^^^^^^^^^^^^^^^^^^^^^^^^^^^^^^^^^^^^^^^^^^^^^^^^
testing\integration\test_evaluation_agent_e2e.py:17: in <module>
    from evaluation_agent import (
E   ModuleNotFoundError: No module named 'evaluation_agent'
__ ERROR collecting testing/integration/test_evaluation_agent_integration.py __
ImportError while importing test module 'D:\source\prompts\testing\integration\test_evaluation_agent_integration.py'.
Hint: make sure your test modules/packages have valid Python names.
Traceback:
C:\Python313\Lib\importlib\__init__.py:88: in import_module
    return _bootstrap._gcd_import(name[level:], package, level)
           ^^^^^^^^^^^^^^^^^^^^^^^^^^^^^^^^^^^^^^^^^^^^^^^^^^^^
testing\integration\test_evaluation_agent_integration.py:20: in <module>
    from evaluation_agent import (
E   ModuleNotFoundError: No module named 'evaluation_agent'
_________________ ERROR collecting testing/tools/test_cli.py __________________
ImportError while importing test module 'D:\source\prompts\testing\tools\test_cli.py'.
Hint: make sure your test modules/packages have valid Python names.
Traceback:
C:\Python313\Lib\importlib\__init__.py:88: in import_module
    return _bootstrap._gcd_import(name[level:], package, level)
           ^^^^^^^^^^^^^^^^^^^^^^^^^^^^^^^^^^^^^^^^^^^^^^^^^^^^
testing\tools\test_cli.py:1: in <module>
    from click.testing import CliRunner
E   ModuleNotFoundError: No module named 'click'
___________ ERROR collecting testing/tools/test_evaluation_agent.py ___________
ImportError while importing test module 'D:\source\prompts\testing\tools\test_evaluation_agent.py'.
Hint: make sure your test modules/packages have valid Python names.
Traceback:
C:\Python313\Lib\importlib\__init__.py:88: in import_module
    return _bootstrap._gcd_import(name[level:], package, level)
           ^^^^^^^^^^^^^^^^^^^^^^^^^^^^^^^^^^^^^^^^^^^^^^^^^^^^
testing\tools\test_evaluation_agent.py:25: in <module>
    from evaluation_agent import (
E   ModuleNotFoundError: No module named 'evaluation_agent'
______________ ERROR collecting testing/tools/test_generator.py _______________
ImportError while importing test module 'D:\source\prompts\testing\tools\test_generator.py'.
Hint: make sure your test modules/packages have valid Python names.
Traceback:
C:\Python313\Lib\importlib\__init__.py:88: in import_module
    return _bootstrap._gcd_import(name[level:], package, level)
           ^^^^^^^^^^^^^^^^^^^^^^^^^^^^^^^^^^^^^^^^^^^^^^^^^^^^
testing\tools\test_generator.py:1: in <module>
    from tools.code_generator import UniversalCodeGenerator
E   ModuleNotFoundError: No module named 'tools.code_generator'
____________ ERROR collecting testing/tools/test_llm_connection.py ____________
ImportError while importing test module 'D:\source\prompts\testing\tools\test_llm_connection.py'.
Hint: make sure your test modules/packages have valid Python names.
Traceback:
C:\Python313\Lib\importlib\__init__.py:88: in import_module
    return _bootstrap._gcd_import(name[level:], package, level)
           ^^^^^^^^^^^^^^^^^^^^^^^^^^^^^^^^^^^^^^^^^^^^^^^^^^^^
testing\tools\test_llm_connection.py:8: in <module>
    from llm_client import LLMClient
E   ModuleNotFoundError: No module named 'llm_client'
=========================== short test summary info ===========================
ERROR testing/framework/core/test_runner.py
ERROR testing/integration/test_evaluation_agent_e2e.py
ERROR testing/integration/test_evaluation_agent_integration.py
ERROR testing/tools/test_cli.py
ERROR testing/tools/test_evaluation_agent.py
ERROR testing/tools/test_generator.py
ERROR testing/tools/test_llm_connection.py
!!!!!!!!!!!!!!!!!!! Interrupted: 7 errors during collection !!!!!!!!!!!!!!!!!!!
============================== 7 errors in 0.38s ==============================
